
> frontend@0.0.0 build
> tsc -b && vite build

[36mvite v8.1.0 [32mbuilding client environment for production...[36m[39m
[2K
transforming...Γ£ô 949 modules transformed.
rendering chunks...
computing gzip size...
dist/index.html                                     0.93 kB Γöé gzip:   0.45 kB
dist/assets/index-WxYH42lb.css                     45.64 kB Γöé gzip:   8.33 kB
dist/assets/check-BSDdEAcJ.js                       0.11 kB Γöé gzip:   0.12 kB
dist/assets/plus-DdBglyDk.js                        0.14 kB Γöé gzip:   0.14 kB
dist/assets/x-DEC9rwPP.js                           0.14 kB Γöé gzip:   0.14 kB
dist/assets/clock-C9XqoSuU.js                       0.17 kB Γöé gzip:   0.16 kB
dist/assets/circle-check-big-DrNoddqD.js            0.18 kB Γöé gzip:   0.17 kB
dist/assets/badge-check-BfRuGLZk.js                 0.30 kB Γöé gzip:   0.20 kB
dist/assets/MatchScoreBadge-C3mulRha.js             1.04 kB Γöé gzip:   0.66 kB
dist/assets/MySkills-S_MfYVKJ.js                    1.14 kB Γöé gzip:   0.52 kB
dist/assets/useSwaps-BdRHuX5B.js                    1.30 kB Γöé gzip:   0.39 kB
dist/assets/Login-LD8LB5a8.js                       2.05 kB Γöé gzip:   0.85 kB
dist/assets/Navbar-Cvcjz6EG.js                      2.08 kB Γöé gzip:   0.92 kB
dist/assets/useMutation-BZCoqjQk.js                 2.25 kB Γöé gzip:   0.93 kB
dist/assets/Register-M-_uuK4D.js                    2.83 kB Γöé gzip:   0.99 kB
dist/assets/Notifications-BnRL5P6A.js               3.18 kB Γöé gzip:   1.28 kB
dist/assets/MySwaps-BSN3WNyl.js                     3.18 kB Γöé gzip:   1.19 kB
dist/assets/Messages-Cr-Um9ZI.js                    3.34 kB Γöé gzip:   1.34 kB
dist/assets/SwapRequestModal-BnrKRqy2.js            3.45 kB Γöé gzip:   1.36 kB
dist/assets/SkillSection-DY6-kRer.js                3.58 kB Γöé gzip:   1.67 kB
dist/assets/CommunityStats-oP8cgaqH.js              3.77 kB Γöé gzip:   1.51 kB
dist/assets/button-BbpNNOxn.js                      3.79 kB Γöé gzip:   1.74 kB
dist/assets/Availability-Cgos-OnY.js                3.84 kB Γöé gzip:   1.50 kB
dist/assets/ChatPanel-Cec9ledF.js                   4.42 kB Γöé gzip:   1.87 kB
dist/assets/Reviews-DsiyVb5p.js                     4.56 kB Γöé gzip:   1.65 kB
dist/assets/Friends-B0Map_W2.js                     6.89 kB Γöé gzip:   1.97 kB
dist/assets/Dashboard-CS3uPHXR.js                   8.63 kB Γöé gzip:   2.35 kB
dist/assets/Settings-CbQGjFty.js                   11.49 kB Γöé gzip:   3.07 kB
dist/assets/Profile-DRe3WS6_.js                    13.06 kB Γöé gzip:   4.12 kB
dist/assets/SwapRequests-BajZZO0l.js               14.58 kB Γöé gzip:   4.11 kB
dist/assets/Sidebar-CJ3Ny037.js                    17.49 kB Γöé gzip:   6.49 kB
dist/assets/BrowseUsers-B4TDIdiu.js                18.45 kB Γöé gzip:   6.03 kB
dist/assets/PieChart-Dtz-UE5Q.js                   25.82 kB Γöé gzip:   6.99 kB
dist/assets/utils-B9D4VY-H.js                      27.48 kB Γöé gzip:   8.79 kB
dist/assets/AdminDashboard-n41QaOsA.js             28.82 kB Γöé gzip:   8.40 kB
dist/assets/AuthContext-D5Fc5JOe.js                96.38 kB Γöé gzip:  34.82 kB
dist/assets/generateCategoricalChart-DF9KCggv.js  371.11 kB Γöé gzip:  98.51 kB
dist/assets/index-Bzjpd9B4.js                     527.44 kB Γöé gzip: 167.48 kB

[32mΓ£ô built in 2.00s[39m
node.exe : [33m[plugin builtin:vite-reporter] 
At line:1 char:1
+ & "D:\Node.js/node.exe" "C:\Users\KISHOR G\AppData\Roaming\npm/node_m ...
+ ~~~~~~~~~~~~~~~~~~~~~~~~~~~~~~~~~~~~~~~~~~~~~~~~~~~~~~~~~~~~~~~~~~~~~
    + CategoryInfo          : NotSpecified: ([33m[plugin builtin:vite-reporter] :String) [], RemoteException
    + FullyQualifiedErrorId : NativeCommandError
 
(!) Some chunks are larger than 500 kB after minification. Consider:
- Using dynamic import() to code-split the application
- Use build.rolldownOptions.output.codeSplitting to improve chunking: 
https://rolldown.rs/reference/OutputOptions.codeSplitting
- Adjust chunk size limit for this warning via build.chunkSizeWarningLimit.[39m
